adding gasteiger charges to peptide
sh: 1: /home/shared/programs/autodock/Autodock-GPU/bin/autodock_gpu_128wi: not found
sh: 1: /home/shared/programs/autodock/Autodock-GPU/bin/autodock_gpu_128wi: not found
Archivo 2pzi.pdbqt generado con éxito
{'DALGO': 'autodock4', 'ligands': 'CHEMBL535,CHEMBL603469', 'receptors': '2pzi', 'grid_center': '62.72,4.40,-27.68', 'ga_run': '1000', 'grid_size': '25,25,25', 'reference': 'ref'}
['CHEMBL535', 'CHEMBL603469']
Archivo CHEMBL535.pdbqt generado con éxito
Archivo CHEMBL603469.pdbqt generado con éxito
62.72,4.40,-27.68
25,25,25
/home/rbetanzos/git-holcan/DockingTools/ad4-gpu/test
El archivo 2pzi.pdbqt Se encuentra en el 2pzi_ad4/CHEMBL535!
El archivo CHEMBL535.pdbqt Se encuentra en el 2pzi_ad4/CHEMBL535!
preparegpf se ha generado exitosamente!
Autogrid se ha ejecutado correctamente!
prepdpf se ha ejecutado correctamente!
Error al ejecutar autodock4
El archivo 2pzi.pdbqt Se encuentra en el 2pzi_ad4/CHEMBL603469!
El archivo CHEMBL603469.pdbqt Se encuentra en el 2pzi_ad4/CHEMBL603469!
preparegpf se ha generado exitosamente!
Autogrid se ha ejecutado correctamente!
prepdpf se ha ejecutado correctamente!
Error al ejecutar autodock4
